Resolving dependencies in `/home/z/my-project/localsend`...
Downloading packages...
  _fe_analyzer_shared 93.0.0 (108.0.0 available)
  analyzer 10.0.1 (14.4.0 available)
  animated_vector 0.2.2 (0.2.3 available)
  animated_vector_annotations 0.2.2 (0.3.0 available)
  archive 4.0.9 (4.3.0 available)
  assorted_layout_widgets 11.0.0 (13.1.0 available)
  build 4.0.7 (4.0.11 available)
  build_config 1.3.2 (1.3.3 available)
  build_daemon 4.1.5 (4.1.6 available)
  build_runner 2.15.1 (2.16.1 available)
  built_collection 5.1.1 (5.1.2 available)
  built_value 8.12.7 (8.13.0 available)
  clock 1.1.2 (1.1.3 available)
  code_assets 1.2.1 (2.1.0 available)
  code_builder 4.11.1 (4.12.0 available)
  connectivity_plus 7.3.1 (7.3.2 available)
  cross_file 0.3.5+4 (0.4.0 available)
  dart_mappable 4.8.0 (4.10.0 available)
  dart_mappable_builder 4.8.0 (4.10.0 available)
  dart_style 3.1.7 (3.1.13 available)
  dbus 0.7.13 (0.8.0 available)
  desktop_drop 0.7.1 (0.8.4 available)
! device_apps 2.2.0 from git https://github.com/Tienisto/device_apps.git at 5dc795 (overridden)
  device_info_plus 12.4.0 (13.3.0 available)
  device_info_plus_platform_interface 7.0.3 (8.1.0 available)
  dynamic_color 1.8.1 (2.1.0 available)
  file_picker 11.0.3 (13.1.0 available)
  file_selector_android 0.5.2+6 (0.5.2+11 available)
  file_selector_ios 0.5.3+5 (0.5.3+6 available)
  file_selector_linux 0.9.4 (0.9.4+1 available)
  file_selector_macos 0.9.5 (0.9.5+1 available)
  file_selector_windows 0.9.3+5 (0.9.3+6 available)
  flex_color_picker 3.8.0 (4.0.0 available)
  flex_seed_scheme 4.0.1 (5.0.1 available)
  flutter_foreground_task 9.2.2 (11.0.3 available)
  flutter_rust_bridge 2.12.0 (2.13.0 available)
  freezed 3.2.5 (4.0.2 available)
  frontend_server_client 4.0.0 (4.1.0 available)
  glob 2.1.3 (2.2.0 available)
  gsettings 0.2.8 (0.2.9 available)
  hooks 2.0.2 (2.2.0 available)
  html 0.15.6 (0.15.7 available)
  image 4.9.1 (4.10.1 available)
  image_picker_android 0.8.13+17 (0.8.13+25 available)
  image_picker_ios 0.8.13+6 (0.8.13+9 available)
  in_app_purchase 3.3.0 (3.3.1 available)
  in_app_purchase_android 0.5.0 (0.5.3 available)
  in_app_purchase_storekit 0.4.11+1 (0.4.13 available)
  intl 0.20.2 (0.20.3 available)
  io 1.0.5 (1.1.0 available)
  jni 1.0.3 (1.1.0 available)
  jni_flutter 1.0.2 (1.0.3 available)
  matcher 0.12.19 (0.12.20 available)
  material_color_utilities 0.13.0 (0.13.1 available)
  meta 1.17.0 (1.19.0 available)
  mime 2.0.0 (2.1.0 available)
  mockito 5.6.4 (5.8.1 available)
  nanoid2 2.0.1 (2.1.0 available)
  network_info_plus 7.0.0 (8.2.2 available)
  network_info_plus_platform_interface 2.0.2 (3.1.0 available)
  nm 0.5.0 (0.6.0 available)
  objective_c 9.5.0 (9.6.2 available)
  package_config 2.2.0 (3.0.0 available)
  package_info_plus 9.0.1 (10.2.2 available)
  package_info_plus_platform_interface 3.2.1 (4.1.0 available)
! pasteboard 0.3.0 from git https://github.com/Seidko/flutter-plugins.git at 58748d in packages/pasteboard (overridden)
  permission_handler 12.0.3 (13.0.2 available)
  permission_handler_android 13.0.1 (14.1.0 available)
  permission_handler_apple 9.6.1 (9.6.2 available)
  permission_handler_platform_interface 4.4.0 (4.4.1 available)
! permission_handler_windows 0.1.2 from git https://github.com/localsend/permission_handler_windows_noop.git at 2dadd8 (overridden)
  petitparser 7.0.2 (7.1.0 available)
  platform 3.1.6 (3.2.0 available)
  pool 1.5.2 (1.5.3 available)
  pub_semver 2.2.0 (2.2.1 available)
  pubspec_parse 1.5.0 (1.6.0 available)
  qr 3.0.2 (4.0.0 available)
  record_use 0.6.0 (1.1.1 available)
  refena 3.5.0 (3.6.0 available)
  refena_flutter 3.5.0 (3.6.0 available)
  share_handler 0.0.22 (0.0.25 available)
  shared_preferences_android 2.4.23 (2.4.28 available)
  shared_preferences_foundation 2.5.6 (2.5.7 available)
  shelf_web_socket 2.0.1 (3.0.0 available)
  slang 4.19.0 (4.19.2 available)
  source_gen 4.2.4 (4.3.0 available)
  source_maps 0.10.13 (0.10.14 available)
  stack_trace 1.12.1 (1.12.2 available)
  stream_transform 2.1.1 (2.1.2 available)
  system_date_time_format 1.4.0 (1.5.1 available)
  test 1.30.0 (1.32.0 available)
  test_api 0.7.10 (0.7.14 available)
  test_core 0.6.16 (0.6.20 available)
  tray_manager 0.5.3 (0.7.0 available)
  uri_content 3.1.1 (4.0.1 available)
  url_launcher 6.3.2 (6.3.3 available)
  url_launcher_android 6.3.30 (6.3.33 available)
  url_launcher_ios 6.4.1 (6.4.2 available)
  url_launcher_linux 3.2.2 (3.2.3 available)
  url_launcher_macos 3.2.5 (3.2.6 available)
  url_launcher_windows 3.1.5 (3.1.6 available)
  vector_math 2.2.0 (2.4.3 available)
  video_player 2.11.1 (2.14.1 available)
  video_player_android 2.9.5 (2.12.2 available)
  video_player_avfoundation 2.11.0 (2.12.0 available)
  vm_service 15.2.0 (15.3.0 available)
  wakelock_plus 1.5.2 (1.8.1 available)
  wakelock_plus_platform_interface 1.6.0 (1.7.0 available)
  win32 5.15.0 (6.4.0 available)
  win32_registry 2.1.0 (3.0.3 available)
  xml 7.0.1 (7.1.0 available)
  yaml 3.1.3 (3.1.4 available)
Got dependencies in `/home/z/my-project/localsend`!
109 packages have newer versions incompatible with dependency constraints.
Try `flutter pub outdated` for more information.
Analyzing app...                                                
No issues found! (ran in 3.1s)
EXIT=0
